[2026-06-04 09:02:27,695 I 16588 17192] (gcs_server.exe) gcs_server_main.cc:98: Ray cluster metadata ray_version=2.55.1 ray_commit=237c2455ebb1ea15a32dd9e1fdeb2d617badc37f
[2026-06-04 09:02:27,706 I 16588 17192] (gcs_server.exe) event.cc:499: Ray Event initialized for GCS
[2026-06-04 09:02:27,707 I 16588 17192] (gcs_server.exe) event.cc:499: Ray Event initialized for EXPORT_NODE
[2026-06-04 09:02:27,707 I 16588 17192] (gcs_server.exe) event.cc:499: Ray Event initialized for EXPORT_ACTOR
[2026-06-04 09:02:27,709 I 16588 17192] (gcs_server.exe) event.cc:499: Ray Event initialized for EXPORT_DRIVER_JOB
[2026-06-04 09:02:27,709 I 16588 17192] (gcs_server.exe) event.cc:332: Set ray event level to warning
[2026-06-04 09:02:27,713 I 16588 17192] (gcs_server.exe) gcs_server.cc:154: GCS storage type is StorageType::IN_MEMORY
[2026-06-04 09:02:27,713 I 16588 17192] (gcs_server.exe) gcs_server.cc:155: GCS node ID initialized from config node_id=985a1f7160b70d766eb411900bed5d45316c04a8d0a3dd98866f9a45
[2026-06-04 09:02:27,715 I 16588 17192] (gcs_server.exe) gcs_init_data.cc:46: Loading job table data.
[2026-06-04 09:02:27,715 I 16588 17192] (gcs_server.exe) gcs_init_data.cc:56: Loading node table data.
[2026-06-04 09:02:27,715 I 16588 17192] (gcs_server.exe) gcs_init_data.cc:76: Loading actor table data.
[2026-06-04 09:02:27,715 I 16588 17192] (gcs_server.exe) gcs_init_data.cc:87: Loading actor task spec table data.
[2026-06-04 09:02:27,715 I 16588 17192] (gcs_server.exe) gcs_init_data.cc:66: Loading placement group table data.
[2026-06-04 09:02:27,715 I 16588 17192] (gcs_server.exe) gcs_init_data.cc:50: Finished loading job table data, size = 0
[2026-06-04 09:02:27,715 I 16588 17192] (gcs_server.exe) gcs_init_data.cc:60: Finished loading node table data, size = 0
[2026-06-04 09:02:27,715 I 16588 17192] (gcs_server.exe) gcs_init_data.cc:81: Finished loading actor table data, size = 0
[2026-06-04 09:02:27,715 I 16588 17192] (gcs_server.exe) gcs_init_data.cc:91: Finished loading actor task spec table data, size = 0
[2026-06-04 09:02:27,715 I 16588 17192] (gcs_server.exe) gcs_init_data.cc:70: Finished loading placement group table data, size = 0
[2026-06-04 09:02:27,715 I 16588 17192] (gcs_server.exe) gcs_server.cc:242: Generated new cluster ID. cluster_id=3b42e892157970f993d13facf513ee257a90161b38a41cc6bcc01952
[2026-06-04 09:02:27,716 I 16588 17192] (gcs_server.exe) gcs_server.cc:743: Autoscaler V2 enabled: 0
[2026-06-04 09:02:27,719 I 16588 17192] (gcs_server.exe) grpc_server.cc:143: GcsServer server started, listening on port 25083.
[2026-06-04 09:02:27,922 I 16588 17192] (gcs_server.exe) gcs_server.cc:908: Gcs Debug state:

GcsNodeManager: 
- RegisterNode request count: 0
- DrainNode request count: 0
- GetAllNodeInfo request count: 0

GcsActorManager: 
- RegisterActor request count: 0
- CreateActor request count: 0
- GetActorInfo request count: 0
- GetNamedActorInfo request count: 0
- GetAllActorInfo request count: 0
- KillActor request count: 0
- ListNamedActors request count: 0
- Registered actors count: 0
- Destroyed actors count: 0
- Named actors count: 0
- Unresolved actors count: 0
- Pending actors count: 0
- Created actors count: 0
- owners_: 0
- actor_to_register_callbacks_: 0
- actor_to_restart_for_lineage_reconstruction_callbacks_: 0
- actor_to_create_callbacks_: 0
- sorted_destroyed_actor_list_: 0

GcsResourceManager: 
- GetAllAvailableResources request count: 0
- GetAllTotalResources request count: 0
- GetAllResourceUsage request count: 0

GcsPlacementGroupManager: 
- CreatePlacementGroup request count: 0
- RemovePlacementGroup request count: 0
- GetPlacementGroup request count: 0
- GetAllPlacementGroup request count: 0
- WaitPlacementGroupUntilReady request count: 0
- GetNamedPlacementGroup request count: 0
- Scheduling pending placement group count: 0
- Registered placement groups count: 0
- Named placement group count: 0
- Pending placement groups count: 0
- Infeasible placement groups count: 0

Publisher:

[runtime env manager] ID to URIs table:
[runtime env manager] URIs reference table:

GcsTaskManager: 
-Total num task events reported: 0
-Total num status task events dropped: 0
-Total num profile events dropped: 0
-Current num of task events stored: 0
-Total num of actor creation tasks: 0
-Total num of actor tasks: 0
-Total num of normal tasks: 0
-Total num of driver tasks: 0

GcsAutoscalerStateManager: 
- last_seen_autoscaler_state_version_: 0
- last_cluster_resource_state_version_: 0
- pending demands:



[2026-06-04 09:02:27,922 I 16588 17192] (gcs_server.exe) gcs_server.cc:922: Main service Event stats:


Global stats: 26 total (10 active)
Queueing time: mean = 24.50ms, max = 205.90ms, min = 0.00ms, total = 636.93ms
Execution time:  mean = 15.87ms, total = 412.58ms
Event stats:
	GcsInMemoryStore.Put - 9 total (6 active), Execution time: mean = 22.88ms, total = 205.96ms, Queueing time: mean = 22.87ms, max = 205.59ms, min = 0.01ms, total = 205.80ms
	GcsInMemoryStore.GetAll - 5 total (0 active), Execution time: mean = 0.02ms, total = 0.10ms, Queueing time: mean = 0.15ms, max = 0.16ms, min = 0.14ms, total = 0.76ms
	PeriodicalRunner.RunFnPeriodically - 4 total (1 active, 1 running), Execution time: mean = 0.08ms, total = 0.33ms, Queueing time: mean = 102.95ms, max = 205.90ms, min = 0.10ms, total = 411.81ms
	event_loop_lag_probe - 2 total (0 active), Execution time: mean = 0.10ms, total = 0.21ms, Queueing time: mean = 9.16ms, max = 18.14ms, min = 0.18ms, total = 18.32ms
	RayletLoadPulled - 1 total (1 active), Execution time: mean = 0.00ms, total = 0.00ms, Queueing time: mean = 0.00ms, max = -0.00ms, min = 9223372036854.78ms, total = 0.00ms
	GcsServer.GetOrGenerateClusterId.continuation - 1 total (0 active), Execution time: mean = 205.91ms, total = 205.91ms, Queueing time: mean = 0.00ms, max = 0.00ms, min = 0.00ms, total = 0.00ms
	GcsInMemoryStore.Get - 1 total (0 active), Execution time: mean = 0.05ms, total = 0.05ms, Queueing time: mean = 0.23ms, max = 0.23ms, min = 0.23ms, total = 0.23ms
	GcsInitData::AsyncLoad - 1 total (0 active), Execution time: mean = 0.02ms, total = 0.02ms, Queueing time: mean = 0.00ms, max = 0.00ms, min = 0.00ms, total = 0.00ms
	ClusterResourceManager.ResetRemoteNodeView - 1 total (1 active), Execution time: mean = 0.00ms, total = 0.00ms, Queueing time: mean = 0.00ms, max = -0.00ms, min = 9223372036854.78ms, total = 0.00ms
	GCSServer.deadline_timer.metrics_report - 1 total (1 active), Execution time: mean = 0.00ms, total = 0.00ms, Queueing time: mean = 0.00ms, max = -0.00ms, min = 9223372036854.78ms, total = 0.00ms


[2026-06-04 09:02:27,922 I 16588 17192] (gcs_server.exe) gcs_server.cc:926: task_io_context Event stats:


Global stats: 4 total (1 active)
Queueing time: mean = 0.35ms, max = 1.17ms, min = 0.05ms, total = 1.38ms
Execution time:  mean = 0.37ms, total = 1.48ms
Event stats:
	event_loop_lag_probe - 2 total (0 active), Execution time: mean = 0.73ms, total = 1.46ms, Queueing time: mean = 0.66ms, max = 1.17ms, min = 0.16ms, total = 1.33ms
	GcsTaskManager.GcJobSummary - 1 total (1 active), Execution time: mean = 0.00ms, total = 0.00ms, Queueing time: mean = 0.00ms, max = -0.00ms, min = 9223372036854.78ms, total = 0.00ms
	PeriodicalRunner.RunFnPeriodically - 1 total (0 active), Execution time: mean = 0.01ms, total = 0.01ms, Queueing time: mean = 0.05ms, max = 0.05ms, min = 0.05ms, total = 0.05ms


[2026-06-04 09:02:27,922 I 16588 17192] (gcs_server.exe) gcs_server.cc:926: pubsub_io_context Event stats:


Global stats: 4 total (1 active)
Queueing time: mean = 0.20ms, max = 0.70ms, min = 0.04ms, total = 0.80ms
Execution time:  mean = 0.41ms, total = 1.64ms
Event stats:
	event_loop_lag_probe - 2 total (0 active), Execution time: mean = 0.82ms, total = 1.63ms, Queueing time: mean = 0.37ms, max = 0.70ms, min = 0.04ms, total = 0.74ms
	Publisher.CheckDeadSubscribers - 1 total (1 active), Execution time: mean = 0.00ms, total = 0.00ms, Queueing time: mean = 0.00ms, max = -0.00ms, min = 9223372036854.78ms, total = 0.00ms
	PeriodicalRunner.RunFnPeriodically - 1 total (0 active), Execution time: mean = 0.01ms, total = 0.01ms, Queueing time: mean = 0.06ms, max = 0.06ms, min = 0.06ms, total = 0.06ms


[2026-06-04 09:02:27,922 I 16588 17192] (gcs_server.exe) gcs_server.cc:926: ray_syncer_io_context Event stats:


Global stats: 4 total (0 active)
Queueing time: mean = 0.20ms, max = 0.63ms, min = 0.05ms, total = 0.79ms
Execution time:  mean = 0.31ms, total = 1.24ms
Event stats:
	event_loop_lag_probe - 2 total (0 active), Execution time: mean = 0.62ms, total = 1.24ms, Queueing time: mean = 0.34ms, max = 0.63ms, min = 0.05ms, total = 0.68ms
	RaySyncerRegister - 2 total (0 active), Execution time: mean = 0.00ms, total = 0.00ms, Queueing time: mean = 0.06ms, max = 0.06ms, min = 0.05ms, total = 0.11ms


[2026-06-04 09:02:27,922 I 16588 17192] (gcs_server.exe) gcs_server.cc:926: ray_event_io_context Event stats:


Global stats: 2 total (0 active)
Queueing time: mean = 0.12ms, max = 0.19ms, min = 0.04ms, total = 0.23ms
Execution time:  mean = 0.79ms, total = 1.57ms
Event stats:
	event_loop_lag_probe - 2 total (0 active), Execution time: mean = 0.79ms, total = 1.57ms, Queueing time: mean = 0.12ms, max = 0.19ms, min = 0.04ms, total = 0.23ms


[2026-06-04 09:02:27,922 I 16588 17192] (gcs_server.exe) gcs_server.cc:926: internal_kv_io_context Event stats:


Global stats: 2 total (0 active)
Queueing time: mean = 0.16ms, max = 0.27ms, min = 0.05ms, total = 0.32ms
Execution time:  mean = 0.81ms, total = 1.62ms
Event stats:
	event_loop_lag_probe - 2 total (0 active), Execution time: mean = 0.81ms, total = 1.62ms, Queueing time: mean = 0.16ms, max = 0.27ms, min = 0.05ms, total = 0.32ms


[2026-06-04 09:02:27,922 I 16588 17192] (gcs_server.exe) gcs_server.cc:926: node_manager_io_context Event stats:


Global stats: 2 total (0 active)
Queueing time: mean = 0.26ms, max = 0.47ms, min = 0.06ms, total = 0.53ms
Execution time:  mean = 0.63ms, total = 1.26ms
Event stats:
	event_loop_lag_probe - 2 total (0 active), Execution time: mean = 0.63ms, total = 1.26ms, Queueing time: mean = 0.26ms, max = 0.47ms, min = 0.06ms, total = 0.53ms


[2026-06-04 09:02:36,282 I 16588 11600] (gcs_server.exe) gcs_node_manager.cc:106: Registering new node. node_id=985a1f7160b70d766eb411900bed5d45316c04a8d0a3dd98866f9a45 node_name=127.0.0.1 node_address=127.0.0.1
[2026-06-04 09:02:36,282 I 16588 17192] (gcs_server.exe) gcs_server.cc:829: Metrics agent not available. To enable metrics, install Ray with dashboard support: `pip install 'ray[default]'`.
[2026-06-04 09:02:39,771 I 16588 17192] (gcs_server.exe) gcs_job_manager.cc:116: Registering job. job_id=01000000 driver_pid=20308
[2026-06-04 09:02:39,873 I 16588 17192] (gcs_server.exe) gcs_actor_manager.cc:315: Registering actor job_id=01000000 actor_id=e8e01d182b0c5f9a02bc05b701000000
[2026-06-04 09:02:39,876 I 16588 17192] (gcs_server.exe) gcs_actor_manager.cc:319: Registered actor job_id=01000000 actor_id=e8e01d182b0c5f9a02bc05b701000000
[2026-06-04 09:02:39,878 I 16588 17192] (gcs_server.exe) gcs_actor_manager.cc:434: Creating actor job_id=01000000 actor_id=e8e01d182b0c5f9a02bc05b701000000
[2026-06-04 09:02:39,878 I 16588 17192] (gcs_server.exe) gcs_actor_scheduler.cc:239: Leasing worker for actor. actor_id=e8e01d182b0c5f9a02bc05b701000000 job_id=01000000 node_id=985a1f7160b70d766eb411900bed5d45316c04a8d0a3dd98866f9a45
[2026-06-04 09:02:39,880 I 16588 17192] (gcs_server.exe) gcs_actor_scheduler.cc:583: Finished leasing worker from 985a1f7160b70d766eb411900bed5d45316c04a8d0a3dd98866f9a45 for actor e8e01d182b0c5f9a02bc05b701000000, job id = 01000000
[2026-06-04 09:02:39,880 I 16588 17192] (gcs_server.exe) gcs_actor_scheduler.cc:385: Submitting actor creation task to worker. actor_id=e8e01d182b0c5f9a02bc05b701000000 worker_id=a7ab4019748a431f06ed8bb866aa560ae4abb195d632ea83df4447d5 node_id=985a1f7160b70d766eb411900bed5d45316c04a8d0a3dd98866f9a45 job_id=01000000
[2026-06-04 09:02:40,179 I 16588 17192] (gcs_server.exe) gcs_actor_scheduler.cc:424: Actor creation task succeeded. actor_id=e8e01d182b0c5f9a02bc05b701000000 worker_id=a7ab4019748a431f06ed8bb866aa560ae4abb195d632ea83df4447d5 job_id=01000000 node_id=985a1f7160b70d766eb411900bed5d45316c04a8d0a3dd98866f9a45
[2026-06-04 09:02:40,180 I 16588 17192] (gcs_server.exe) gcs_actor_manager.cc:1657: Actor created successfully job_id=01000000 actor_id=e8e01d182b0c5f9a02bc05b701000000
[2026-06-04 09:02:40,180 I 16588 17192] (gcs_server.exe) gcs_actor_manager.cc:449: Finished creating actor. Status: OK job_id=01000000 actor_id=e8e01d182b0c5f9a02bc05b701000000
[2026-06-04 09:02:59,872 I 16588 17192] (gcs_server.exe) gcs_actor_manager.cc:315: Registering actor job_id=01000000 actor_id=88ba6aa39972ee2ffd1baf5801000000
[2026-06-04 09:02:59,872 I 16588 17192] (gcs_server.exe) gcs_actor_manager.cc:319: Registered actor job_id=01000000 actor_id=88ba6aa39972ee2ffd1baf5801000000
[2026-06-04 09:02:59,873 I 16588 17192] (gcs_server.exe) gcs_actor_manager.cc:434: Creating actor job_id=01000000 actor_id=88ba6aa39972ee2ffd1baf5801000000
[2026-06-04 09:02:59,874 I 16588 17192] (gcs_server.exe) gcs_actor_scheduler.cc:239: Leasing worker for actor. actor_id=88ba6aa39972ee2ffd1baf5801000000 job_id=01000000 node_id=985a1f7160b70d766eb411900bed5d45316c04a8d0a3dd98866f9a45
[2026-06-04 09:02:59,875 I 16588 17192] (gcs_server.exe) gcs_actor_scheduler.cc:583: Finished leasing worker from 985a1f7160b70d766eb411900bed5d45316c04a8d0a3dd98866f9a45 for actor 88ba6aa39972ee2ffd1baf5801000000, job id = 01000000
[2026-06-04 09:02:59,875 I 16588 17192] (gcs_server.exe) gcs_actor_scheduler.cc:385: Submitting actor creation task to worker. actor_id=88ba6aa39972ee2ffd1baf5801000000 worker_id=8022b56d5fecd9712de6a014b2d436184e2d0bb13772c766878afdd8 node_id=985a1f7160b70d766eb411900bed5d45316c04a8d0a3dd98866f9a45 job_id=01000000
[2026-06-04 09:03:00,147 I 16588 17192] (gcs_server.exe) gcs_actor_scheduler.cc:424: Actor creation task succeeded. actor_id=88ba6aa39972ee2ffd1baf5801000000 worker_id=8022b56d5fecd9712de6a014b2d436184e2d0bb13772c766878afdd8 job_id=01000000 node_id=985a1f7160b70d766eb411900bed5d45316c04a8d0a3dd98866f9a45
[2026-06-04 09:03:00,148 I 16588 17192] (gcs_server.exe) gcs_actor_manager.cc:1657: Actor created successfully job_id=01000000 actor_id=88ba6aa39972ee2ffd1baf5801000000
[2026-06-04 09:03:00,148 I 16588 17192] (gcs_server.exe) gcs_actor_manager.cc:449: Finished creating actor. Status: OK job_id=01000000 actor_id=88ba6aa39972ee2ffd1baf5801000000
[2026-06-04 09:03:04,103 I 16588 17192] (gcs_server.exe) gcs_actor_manager.cc:991: Destroying actor, force_kill=0, timeout_ms=30000 job_id=01000000 actor_id=e8e01d182b0c5f9a02bc05b701000000
[2026-06-04 09:03:04,107 I 16588 17192] (gcs_server.exe) gcs_actor_manager.cc:966: Actor e8e01d182b0c5f9a02bc05b701000000 has no references, destroying actor, job id = 01000000
[2026-06-04 09:03:04,107 I 16588 17192] (gcs_server.exe) gcs_actor_manager.cc:991: Destroying actor, force_kill=0, timeout_ms=30000 job_id=01000000 actor_id=e8e01d182b0c5f9a02bc05b701000000
[2026-06-04 09:03:04,108 I 16588 17192] (gcs_server.exe) gcs_actor_manager.cc:997: Tried to destroy actor that does not exist actor_id=e8e01d182b0c5f9a02bc05b701000000
[2026-06-04 09:03:04,191 I 16588 17192] (gcs_server.exe) gcs_actor_manager.cc:1869: Node with actor is already dead, return status: Invalid: KillActor RPC failed for actor e8e01d182b0c5f9a02bc05b701000000: RpcError: RPC error: Cancelling all calls rpc_code: 14 actor_id=e8e01d182b0c5f9a02bc05b701000000 node_id=985a1f7160b70d766eb411900bed5d45316c04a8d0a3dd98866f9a45
[2026-06-04 09:03:27,924 I 16588 17192] (gcs_server.exe) gcs_server.cc:908: Gcs Debug state:

GcsNodeManager: 
- RegisterNode request count: 1
- DrainNode request count: 0
- GetAllNodeInfo request count: 16

GcsActorManager: 
- RegisterActor request count: 2
- CreateActor request count: 2
- GetActorInfo request count: 4
- GetNamedActorInfo request count: 0
- GetAllActorInfo request count: 0
- KillActor request count: 0
- ListNamedActors request count: 0
- Registered actors count: 1
- Destroyed actors count: 1
- Named actors count: 0
- Unresolved actors count: 0
- Pending actors count: 0
- Created actors count: 1
- owners_: 1
- actor_to_register_callbacks_: 0
- actor_to_restart_for_lineage_reconstruction_callbacks_: 0
- actor_to_create_callbacks_: 0
- sorted_destroyed_actor_list_: 1

GcsResourceManager: 
- GetAllAvailableResources request count: 0
- GetAllTotalResources request count: 0
- GetAllResourceUsage request count: 12

GcsPlacementGroupManager: 
- CreatePlacementGroup request count: 0
- RemovePlacementGroup request count: 0
- GetPlacementGroup request count: 0
- GetAllPlacementGroup request count: 0
- WaitPlacementGroupUntilReady request count: 0
- GetNamedPlacementGroup request count: 0
- Scheduling pending placement group count: 0
- Registered placement groups count: 0
- Named placement group count: 0
- Pending placement groups count: 0
- Infeasible placement groups count: 0

Publisher:
RAY_LOG_CHANNEL
- cumulative published messages: 12
- cumulative published bytes: 11257
- current buffered bytes: 866
GCS_WORKER_DELTA_CHANNEL
- cumulative published messages: 2
- cumulative published bytes: 192
- current buffered bytes: 96
GCS_NODE_ADDRESS_AND_LIVENESS_CHANNEL
- cumulative published messages: 1
- cumulative published bytes: 87
- current buffered bytes: 0
GCS_JOB_CHANNEL
- cumulative published messages: 1
- cumulative published bytes: 922
- current buffered bytes: 922
GCS_NODE_INFO_CHANNEL
- cumulative published messages: 1
- cumulative published bytes: 609
- current buffered bytes: 0
GCS_ACTOR_CHANNEL
- cumulative published messages: 7
- cumulative published bytes: 2011
- current buffered bytes: 372

[runtime env manager] ID to URIs table:
[runtime env manager] URIs reference table:

GcsTaskManager: 
-Total num task events reported: 252
-Total num status task events dropped: 0
-Total num profile events dropped: 0
-Current num of task events stored: 101
-Total num of actor creation tasks: 2
-Total num of actor tasks: 96
-Total num of normal tasks: 2
-Total num of driver tasks: 1

GcsAutoscalerStateManager: 
- last_seen_autoscaler_state_version_: 0
- last_cluster_resource_state_version_: 12
- pending demands:



[2026-06-04 09:03:27,926 I 16588 17192] (gcs_server.exe) gcs_server.cc:922: Main service Event stats:


Global stats: 455 total (5 active)
Queueing time: mean = 3.78ms, max = 205.90ms, min = 0.00ms, total = 1719.10ms
Execution time:  mean = 57.36ms, total = 26099.45ms
Event stats:
	GcsInMemoryStore.Put - 96 total (0 active), Execution time: mean = 2.19ms, total = 210.65ms, Queueing time: mean = 2.31ms, max = 205.59ms, min = 0.01ms, total = 221.74ms
	RayletLoadPulled - 60 total (1 active), Execution time: mean = 0.42ms, total = 25.31ms, Queueing time: mean = 10.35ms, max = 99.24ms, min = 1.26ms, total = 621.13ms
	NodeManagerService.grpc_client.GetResourceLoad - 51 total (0 active), Execution time: mean = 2.16ms, total = 110.11ms, Queueing time: mean = 0.00ms, max = -0.00ms, min = 9223372036854.78ms, total = 0.00ms
	NodeManagerService.grpc_client.GetResourceLoad.OnReplyReceived - 51 total (0 active), Execution time: mean = 0.05ms, total = 2.78ms, Queueing time: mean = 0.92ms, max = 31.82ms, min = 0.01ms, total = 46.83ms
	ClusterResourceManager.ResetRemoteNodeView - 20 total (1 active), Execution time: mean = 0.01ms, total = 0.26ms, Queueing time: mean = 9.49ms, max = 18.56ms, min = 0.57ms, total = 189.82ms
	HealthCheck - 14 total (0 active), Execution time: mean = 0.00ms, total = 0.06ms, Queueing time: mean = 0.02ms, max = 0.04ms, min = 0.01ms, total = 0.32ms
	NodeResourceInfoGcsService.grpc_server.GetAllResourceUsage - 12 total (0 active), Execution time: mean = 0.33ms, total = 3.97ms, Queueing time: mean = 0.00ms, max = -0.00ms, min = 9223372036854.78ms, total = 0.00ms
	AutoscalerStateService.grpc_server.GetClusterResourceState - 12 total (0 active), Execution time: mean = 0.34ms, total = 4.09ms, Queueing time: mean = 0.00ms, max = -0.00ms, min = 9223372036854.78ms, total = 0.00ms
	NodeResourceInfoGcsService.grpc_server.GetAllResourceUsage.HandleRequestImpl - 12 total (0 active), Execution time: mean = 0.04ms, total = 0.52ms, Queueing time: mean = 0.03ms, max = 0.09ms, min = 0.02ms, total = 0.36ms
	GCSServer.deadline_timer.metrics_report - 12 total (1 active), Execution time: mean = 0.24ms, total = 2.85ms, Queueing time: mean = 12.62ms, max = 71.01ms, min = 0.17ms, total = 151.42ms
	AutoscalerStateService.grpc_server.GetClusterResourceState.HandleRequestImpl - 12 total (0 active), Execution time: mean = 0.05ms, total = 0.56ms, Queueing time: mean = 0.03ms, max = 0.13ms, min = 0.01ms, total = 0.36ms
	WorkerInfoGcsService.grpc_server.AddWorkerInfo.HandleRequestImpl - 9 total (0 active), Execution time: mean = 0.07ms, total = 0.67ms, Queueing time: mean = 0.50ms, max = 2.20ms, min = 0.02ms, total = 4.48ms
	WorkerInfoGcsService.grpc_server.AddWorkerInfo - 9 total (0 active), Execution time: mean = 1.09ms, total = 9.77ms, Queueing time: mean = 0.00ms, max = -0.00ms, min = 9223372036854.78ms, total = 0.00ms
	GcsResourceManager::Update - 8 total (0 active), Execution time: mean = 0.07ms, total = 0.59ms, Queueing time: mean = 3.09ms, max = 23.97ms, min = 0.01ms, total = 24.76ms
	event_loop_lag_probe - 8 total (0 active), Execution time: mean = 0.03ms, total = 0.27ms, Queueing time: mean = 2.30ms, max = 18.14ms, min = 0.01ms, total = 18.39ms
	GcsHealthCheckManager::MarkNodeHealthy - 8 total (0 active), Execution time: mean = 0.00ms, total = 0.02ms, Queueing time: mean = 3.12ms, max = 23.98ms, min = 0.02ms, total = 24.97ms
	GcsInMemoryStore.GetAll - 6 total (0 active), Execution time: mean = 0.03ms, total = 0.15ms, Queueing time: mean = 0.15ms, max = 0.16ms, min = 0.14ms, total = 0.90ms
	ActorInfoGcsService.grpc_server.GetActorInfo - 4 total (0 active), Execution time: mean = 0.25ms, total = 0.99ms, Queueing time: mean = 0.00ms, max = -0.00ms, min = 9223372036854.78ms, total = 0.00ms
	ActorInfoGcsService.grpc_server.GetActorInfo.HandleRequestImpl - 4 total (0 active), Execution time: mean = 0.02ms, total = 0.10ms, Queueing time: mean = 0.02ms, max = 0.03ms, min = 0.02ms, total = 0.08ms
	PeriodicalRunner.RunFnPeriodically - 4 total (0 active), Execution time: mean = 0.23ms, total = 0.93ms, Queueing time: mean = 103.06ms, max = 205.90ms, min = 0.10ms, total = 412.25ms
	GcsInMemoryStore.Get - 3 total (0 active), Execution time: mean = 0.88ms, total = 2.64ms, Queueing time: mean = 0.11ms, max = 0.23ms, min = 0.03ms, total = 0.34ms
	WorkerInfoGcsService.grpc_server.ReportWorkerFailure.HandleRequestImpl - 2 total (0 active), Execution time: mean = 0.12ms, total = 0.24ms, Queueing time: mean = 0.02ms, max = 0.03ms, min = 0.02ms, total = 0.04ms
	NodeManagerService.grpc_client.RequestWorkerLease.OnReplyReceived - 2 total (0 active), Execution time: mean = 0.39ms, total = 0.77ms, Queueing time: mean = 0.02ms, max = 0.03ms, min = 0.02ms, total = 0.04ms
	CoreWorkerService.grpc_client.PushTask.OnReplyReceived - 2 total (0 active), Execution time: mean = 0.38ms, total = 0.76ms, Queueing time: mean = 0.13ms, max = 0.24ms, min = 0.03ms, total = 0.26ms
	WorkerInfoGcsService.grpc_server.ReportWorkerFailure - 2 total (0 active), Execution time: mean = 2.02ms, total = 4.03ms, Queueing time: mean = 0.00ms, max = -0.00ms, min = 9223372036854.78ms, total = 0.00ms
	ActorInfoGcsService.grpc_server.CreateActor.HandleRequestImpl - 2 total (0 active), Execution time: mean = 0.79ms, total = 1.57ms, Queueing time: mean = 0.09ms, max = 0.16ms, min = 0.02ms, total = 0.19ms
	CoreWorkerService.grpc_client.WaitForActorRefDeleted - 2 total (1 active), Execution time: mean = 12116.67ms, total = 24233.34ms, Queueing time: mean = 0.00ms, max = -0.00ms, min = 9223372036854.78ms, total = 0.00ms
	ActorInfoGcsService.grpc_server.RegisterActor - 2 total (0 active), Execution time: mean = 1.94ms, total = 3.88ms, Queueing time: mean = 0.00ms, max = -0.00ms, min = 9223372036854.78ms, total = 0.00ms
	CoreWorkerService.grpc_client.PushTask - 2 total (0 active), Execution time: mean = 285.62ms, total = 571.24ms, Queueing time: mean = 0.00ms, max = -0.00ms, min = 9223372036854.78ms, total = 0.00ms
	ActorInfoGcsService.grpc_server.CreateActor - 2 total (0 active), Execution time: mean = 289.23ms, total = 578.46ms, Queueing time: mean = 0.00ms, max = -0.00ms, min = 9223372036854.78ms, total = 0.00ms
	NodeManagerService.grpc_client.RequestWorkerLease - 2 total (0 active), Execution time: mean = 1.21ms, total = 2.42ms, Queueing time: mean = 0.00ms, max = -0.00ms, min = 9223372036854.78ms, total = 0.00ms
	ActorInfoGcsService.grpc_server.RegisterActor.HandleRequestImpl - 2 total (0 active), Execution time: mean = 1.27ms, total = 2.54ms, Queueing time: mean = 0.03ms, max = 0.03ms, min = 0.02ms, total = 0.05ms
	NodeManager.AddNodeCallback - 1 total (0 active), Execution time: mean = 0.54ms, total = 0.54ms, Queueing time: mean = 0.02ms, max = 0.02ms, min = 0.02ms, total = 0.02ms
	JobInfoGcsService.grpc_server.GetNextJobID - 1 total (0 active), Execution time: mean = 0.43ms, total = 0.43ms, Queueing time: mean = 0.00ms, max = -0.00ms, min = 9223372036854.78ms, total = 0.00ms
	JobInfoGcsService.grpc_server.GetAllJobInfo.HandleRequestImpl - 1 total (0 active), Execution time: mean = 0.13ms, total = 0.13ms, Queueing time: mean = 0.02ms, max = 0.02ms, min = 0.02ms, total = 0.02ms
	GCSServer.deadline_timer.debug_state_event_stats_print - 1 total (1 active, 1 running), Execution time: mean = 0.00ms, total = 0.00ms, Queueing time: mean = 0.00ms, max = -0.00ms, min = 9223372036854.78ms, total = 0.00ms
	JobInfoGcsService.grpc_server.AddJob.HandleRequestImpl - 1 total (0 active), Execution time: mean = 0.31ms, total = 0.31ms, Queueing time: mean = 0.03ms, max = 0.03ms, min = 0.03ms, total = 0.03ms
	GcsInitData::AsyncLoad - 1 total (0 active), Execution time: mean = 0.02ms, total = 0.02ms, Queueing time: mean = 0.00ms, max = 0.00ms, min = 0.00ms, total = 0.00ms
	JobInfoGcsService.grpc_server.GetNextJobID.HandleRequestImpl - 1 total (0 active), Execution time: mean = 0.04ms, total = 0.04ms, Queueing time: mean = 0.04ms, max = 0.04ms, min = 0.04ms, total = 0.04ms
	GcsServer.GetOrGenerateClusterId.continuation - 1 total (0 active), Execution time: mean = 205.91ms, total = 205.91ms, Queueing time: mean = 0.00ms, max = 0.00ms, min = 0.00ms, total = 0.00ms
	JobInfoGcsService.grpc_server.GetAllJobInfo - 1 total (0 active), Execution time: mean = 0.58ms, total = 0.58ms, Queueing time: mean = 0.00ms, max = -0.00ms, min = 9223372036854.78ms, total = 0.00ms
	NodeManagerService.grpc_client.KillLocalActor - 1 total (0 active), Execution time: mean = 88.36ms, total = 88.36ms, Queueing time: mean = 0.00ms, max = -0.00ms, min = 9223372036854.78ms, total = 0.00ms
	JobInfoGcsService.grpc_server.AddJob - 1 total (0 active), Execution time: mean = 0.82ms, total = 0.82ms, Queueing time: mean = 0.00ms, max = -0.00ms, min = 9223372036854.78ms, total = 0.00ms
	ActorInfoGcsService.grpc_server.ReportActorOutOfScope - 1 total (0 active), Execution time: mean = 0.90ms, total = 0.90ms, Queueing time: mean = 0.00ms, max = -0.00ms, min = 9223372036854.78ms, total = 0.00ms
	ActorInfoGcsService.grpc_server.ReportActorOutOfScope.HandleRequestImpl - 1 total (0 active), Execution time: mean = 0.41ms, total = 0.41ms, Queueing time: mean = 0.02ms, max = 0.02ms, min = 0.02ms, total = 0.02ms
	NodeManagerService.grpc_client.KillLocalActor.OnReplyReceived - 1 total (0 active), Execution time: mean = 24.06ms, total = 24.06ms, Queueing time: mean = 0.03ms, max = 0.03ms, min = 0.03ms, total = 0.03ms
	CoreWorkerService.grpc_client.WaitForActorRefDeleted.OnReplyReceived - 1 total (0 active), Execution time: mean = 0.25ms, total = 0.25ms, Queueing time: mean = 0.17ms, max = 0.17ms, min = 0.17ms, total = 0.17ms
	GcsHealthCheckManager::AddNode - 1 total (0 active), Execution time: mean = 0.02ms, total = 0.02ms, Queueing time: mean = 0.00ms, max = 0.00ms, min = 0.00ms, total = 0.00ms
	GcsInMemoryStore.GetNextJobID - 1 total (0 active), Execution time: mean = 0.01ms, total = 0.01ms, Queueing time: mean = 0.02ms, max = 0.02ms, min = 0.02ms, total = 0.02ms
	GcsInMemoryStore.BatchDelete - 1 total (0 active), Execution time: mean = 0.10ms, total = 0.10ms, Queueing time: mean = 0.03ms, max = 0.03ms, min = 0.03ms, total = 0.03ms


[2026-06-04 09:03:27,926 I 16588 17192] (gcs_server.exe) gcs_server.cc:926: task_io_context Event stats:


Global stats: 222 total (1 active)
Queueing time: mean = 0.48ms, max = 23.24ms, min = 0.01ms, total = 107.06ms
Execution time:  mean = 0.20ms, total = 43.86ms
Event stats:
	TaskInfoGcsService.grpc_server.AddTaskEventData.HandleRequestImpl - 100 total (0 active), Execution time: mean = 0.05ms, total = 4.66ms, Queueing time: mean = 0.06ms, max = 1.13ms, min = 0.01ms, total = 6.33ms
	TaskInfoGcsService.grpc_server.AddTaskEventData - 100 total (0 active), Execution time: mean = 0.37ms, total = 36.57ms, Queueing time: mean = 0.00ms, max = -0.00ms, min = 9223372036854.78ms, total = 0.00ms
	GcsTaskManager.GcJobSummary - 13 total (1 active), Execution time: mean = 0.08ms, total = 0.99ms, Queueing time: mean = 7.64ms, max = 23.24ms, min = 0.94ms, total = 99.28ms
	event_loop_lag_probe - 8 total (0 active), Execution time: mean = 0.20ms, total = 1.63ms, Queueing time: mean = 0.17ms, max = 1.17ms, min = 0.01ms, total = 1.39ms
	PeriodicalRunner.RunFnPeriodically - 1 total (0 active), Execution time: mean = 0.01ms, total = 0.01ms, Queueing time: mean = 0.05ms, max = 0.05ms, min = 0.05ms, total = 0.05ms


[2026-06-04 09:03:27,926 I 16588 17192] (gcs_server.exe) gcs_server.cc:926: pubsub_io_context Event stats:


Global stats: 96 total (6 active)
Queueing time: mean = 0.04ms, max = 1.93ms, min = 0.01ms, total = 4.14ms
Execution time:  mean = 1145.66ms, total = 109983.21ms
Event stats:
	InternalPubSubGcsService.grpc_server.GcsSubscriberPoll.HandleRequestImpl - 19 total (0 active), Execution time: mean = 0.06ms, total = 1.07ms, Queueing time: mean = 0.03ms, max = 0.12ms, min = 0.01ms, total = 0.58ms
	InternalPubSubGcsService.grpc_server.GcsSubscriberPoll - 19 total (5 active), Execution time: mean = 5787.85ms, total = 109969.12ms, Queueing time: mean = 0.00ms, max = -0.00ms, min = 9223372036854.78ms, total = 0.00ms
	InternalPubSubGcsService.grpc_server.GcsPublish.HandleRequestImpl - 12 total (0 active), Execution time: mean = 0.10ms, total = 1.17ms, Queueing time: mean = 0.02ms, max = 0.03ms, min = 0.02ms, total = 0.29ms
	InternalPubSubGcsService.grpc_server.GcsPublish - 12 total (0 active), Execution time: mean = 0.42ms, total = 5.06ms, Queueing time: mean = 0.00ms, max = -0.00ms, min = 9223372036854.78ms, total = 0.00ms
	InternalPubSubGcsService.grpc_server.GcsSubscriberCommandBatch - 11 total (0 active), Execution time: mean = 0.37ms, total = 4.09ms, Queueing time: mean = 0.00ms, max = -0.00ms, min = 9223372036854.78ms, total = 0.00ms
	InternalPubSubGcsService.grpc_server.GcsSubscriberCommandBatch.HandleRequestImpl - 11 total (0 active), Execution time: mean = 0.08ms, total = 0.90ms, Queueing time: mean = 0.03ms, max = 0.10ms, min = 0.02ms, total = 0.35ms
	event_loop_lag_probe - 8 total (0 active), Execution time: mean = 0.22ms, total = 1.75ms, Queueing time: mean = 0.11ms, max = 0.70ms, min = 0.01ms, total = 0.90ms
	RemoveSubscriberFrom - 2 total (0 active), Execution time: mean = 0.02ms, total = 0.03ms, Queueing time: mean = 0.98ms, max = 1.93ms, min = 0.02ms, total = 1.96ms
	Publisher.CheckDeadSubscribers - 1 total (1 active), Execution time: mean = 0.00ms, total = 0.00ms, Queueing time: mean = 0.00ms, max = -0.00ms, min = 9223372036854.78ms, total = 0.00ms
	PeriodicalRunner.RunFnPeriodically - 1 total (0 active), Execution time: mean = 0.01ms, total = 0.01ms, Queueing time: mean = 0.06ms, max = 0.06ms, min = 0.06ms, total = 0.06ms


[2026-06-04 09:03:27,926 I 16588 17192] (gcs_server.exe) gcs_server.cc:926: ray_syncer_io_context Event stats:


Global stats: 26 total (0 active)
Queueing time: mean = 0.06ms, max = 0.63ms, min = 0.00ms, total = 1.47ms
Execution time:  mean = 0.15ms, total = 3.84ms
Event stats:
	 - 8 total (0 active), Execution time: mean = 0.27ms, total = 2.18ms, Queueing time: mean = 0.08ms, max = 0.26ms, min = 0.01ms, total = 0.60ms
	RaySyncer.BroadcastMessage - 8 total (0 active), Execution time: mean = 0.04ms, total = 0.31ms, Queueing time: mean = 0.00ms, max = 0.01ms, min = 0.00ms, total = 0.02ms
	event_loop_lag_probe - 8 total (0 active), Execution time: mean = 0.17ms, total = 1.35ms, Queueing time: mean = 0.09ms, max = 0.63ms, min = 0.01ms, total = 0.73ms
	RaySyncerRegister - 2 total (0 active), Execution time: mean = 0.00ms, total = 0.00ms, Queueing time: mean = 0.06ms, max = 0.06ms, min = 0.05ms, total = 0.11ms


[2026-06-04 09:03:27,927 I 16588 17192] (gcs_server.exe) gcs_server.cc:926: ray_event_io_context Event stats:


Global stats: 8 total (0 active)
Queueing time: mean = 0.04ms, max = 0.19ms, min = 0.01ms, total = 0.31ms
Execution time:  mean = 0.21ms, total = 1.71ms
Event stats:
	event_loop_lag_probe - 8 total (0 active), Execution time: mean = 0.21ms, total = 1.71ms, Queueing time: mean = 0.04ms, max = 0.19ms, min = 0.01ms, total = 0.31ms


[2026-06-04 09:03:27,927 I 16588 17192] (gcs_server.exe) gcs_server.cc:926: internal_kv_io_context Event stats:


Global stats: 334 total (0 active)
Queueing time: mean = 0.08ms, max = 9.96ms, min = 0.01ms, total = 28.32ms
Execution time:  mean = 0.25ms, total = 83.81ms
Event stats:
	InternalKVGcsService.grpc_server.InternalKVGet - 70 total (0 active), Execution time: mean = 0.77ms, total = 53.70ms, Queueing time: mean = 0.00ms, max = -0.00ms, min = 9223372036854.78ms, total = 0.00ms
	GcsInMemoryStore.Get - 70 total (0 active), Execution time: mean = 0.03ms, total = 2.29ms, Queueing time: mean = 0.03ms, max = 0.24ms, min = 0.01ms, total = 2.44ms
	InternalKVGcsService.grpc_server.InternalKVGet.HandleRequestImpl - 70 total (0 active), Execution time: mean = 0.11ms, total = 7.40ms, Queueing time: mean = 0.34ms, max = 9.96ms, min = 0.01ms, total = 23.74ms
	InternalKVGcsService.grpc_server.InternalKVPut - 36 total (0 active), Execution time: mean = 0.37ms, total = 13.20ms, Queueing time: mean = 0.00ms, max = -0.00ms, min = 9223372036854.78ms, total = 0.00ms
	InternalKVGcsService.grpc_server.InternalKVPut.HandleRequestImpl - 36 total (0 active), Execution time: mean = 0.09ms, total = 3.09ms, Queueing time: mean = 0.02ms, max = 0.14ms, min = 0.01ms, total = 0.84ms
	GcsInMemoryStore.Put - 36 total (0 active), Execution time: mean = 0.02ms, total = 0.63ms, Queueing time: mean = 0.02ms, max = 0.04ms, min = 0.01ms, total = 0.79ms
	event_loop_lag_probe - 8 total (0 active), Execution time: mean = 0.21ms, total = 1.71ms, Queueing time: mean = 0.05ms, max = 0.27ms, min = 0.01ms, total = 0.38ms
	InternalKVGcsService.grpc_server.InternalKVDel.HandleRequestImpl - 1 total (0 active), Execution time: mean = 0.09ms, total = 0.09ms, Queueing time: mean = 0.03ms, max = 0.03ms, min = 0.03ms, total = 0.03ms
	InternalKVGcsService.grpc_server.InternalKVDel - 1 total (0 active), Execution time: mean = 0.40ms, total = 0.40ms, Queueing time: mean = 0.00ms, max = -0.00ms, min = 9223372036854.78ms, total = 0.00ms
	GcsInMemoryStore.Delete - 1 total (0 active), Execution time: mean = 0.04ms, total = 0.04ms, Queueing time: mean = 0.03ms, max = 0.03ms, min = 0.03ms, total = 0.03ms
	InternalKVGcsService.grpc_server.GetInternalConfig.HandleRequestImpl - 1 total (0 active), Execution time: mean = 0.10ms, total = 0.10ms, Queueing time: mean = 0.02ms, max = 0.02ms, min = 0.02ms, total = 0.02ms
	InternalKVGcsService.grpc_server.GetInternalConfig - 1 total (0 active), Execution time: mean = 0.51ms, total = 0.51ms, Queueing time: mean = 0.00ms, max = -0.00ms, min = 9223372036854.78ms, total = 0.00ms
	InternalKVGcsService.grpc_server.InternalKVExists.HandleRequestImpl - 1 total (0 active), Execution time: mean = 0.10ms, total = 0.10ms, Queueing time: mean = 0.02ms, max = 0.02ms, min = 0.02ms, total = 0.02ms
	InternalKVGcsService.grpc_server.InternalKVExists - 1 total (0 active), Execution time: mean = 0.52ms, total = 0.52ms, Queueing time: mean = 0.00ms, max = -0.00ms, min = 9223372036854.78ms, total = 0.00ms
	GcsInMemoryStore.Exists - 1 total (0 active), Execution time: mean = 0.02ms, total = 0.02ms, Queueing time: mean = 0.02ms, max = 0.02ms, min = 0.02ms, total = 0.02ms


[2026-06-04 09:03:27,927 I 16588 17192] (gcs_server.exe) gcs_server.cc:926: node_manager_io_context Event stats:


Global stats: 93 total (0 active)
Queueing time: mean = 0.21ms, max = 4.13ms, min = 0.01ms, total = 19.84ms
Execution time:  mean = 0.51ms, total = 47.09ms
Event stats:
	NodeInfoGcsService.grpc_server.CheckAlive.HandleRequestImpl - 13 total (0 active), Execution time: mean = 0.03ms, total = 0.33ms, Queueing time: mean = 0.05ms, max = 0.32ms, min = 0.01ms, total = 0.70ms
	NodeInfoGcsService.grpc_server.CheckAlive - 13 total (0 active), Execution time: mean = 0.33ms, total = 4.33ms, Queueing time: mean = 0.00ms, max = -0.00ms, min = 9223372036854.78ms, total = 0.00ms
	NodeInfoGcsService.grpc_server.GetAllNodeInfo.HandleRequestImpl - 12 total (0 active), Execution time: mean = 0.30ms, total = 3.60ms, Queueing time: mean = 0.59ms, max = 4.13ms, min = 0.02ms, total = 7.09ms
	NodeInfoGcsService.grpc_server.GetAllNodeInfo - 12 total (0 active), Execution time: mean = 1.11ms, total = 13.36ms, Queueing time: mean = 0.00ms, max = -0.00ms, min = 9223372036854.78ms, total = 0.00ms
	NodeInfoGcsService.grpc_server.GetClusterId.HandleRequestImpl - 12 total (0 active), Execution time: mean = 0.16ms, total = 1.93ms, Queueing time: mean = 0.94ms, max = 3.18ms, min = 0.02ms, total = 11.22ms
	NodeInfoGcsService.grpc_server.GetClusterId - 12 total (0 active), Execution time: mean = 1.62ms, total = 19.47ms, Queueing time: mean = 0.00ms, max = -0.00ms, min = 9223372036854.78ms, total = 0.00ms
	event_loop_lag_probe - 8 total (0 active), Execution time: mean = 0.17ms, total = 1.36ms, Queueing time: mean = 0.08ms, max = 0.47ms, min = 0.01ms, total = 0.63ms
	NodeInfoGcsService.grpc_server.GetAllNodeAddressAndLiveness - 4 total (0 active), Execution time: mean = 0.38ms, total = 1.53ms, Queueing time: mean = 0.00ms, max = -0.00ms, min = 9223372036854.78ms, total = 0.00ms
	NodeInfoGcsService.grpc_server.GetAllNodeAddressAndLiveness.HandleRequestImpl - 4 total (0 active), Execution time: mean = 0.03ms, total = 0.11ms, Queueing time: mean = 0.04ms, max = 0.08ms, min = 0.02ms, total = 0.15ms
	NodeInfoGcsService.grpc_server.RegisterNode - 1 total (0 active), Execution time: mean = 0.70ms, total = 0.70ms, Queueing time: mean = 0.00ms, max = -0.00ms, min = 9223372036854.78ms, total = 0.00ms
	GcsInMemoryStore.Put - 1 total (0 active), Execution time: mean = 0.14ms, total = 0.14ms, Queueing time: mean = 0.02ms, max = 0.02ms, min = 0.02ms, total = 0.02ms
	NodeInfoGcsService.grpc_server.RegisterNode.HandleRequestImpl - 1 total (0 active), Execution time: mean = 0.25ms, total = 0.25ms, Queueing time: mean = 0.02ms, max = 0.02ms, min = 0.02ms, total = 0.02ms


[2026-06-04 09:03:34,108 W 16588 17192] (gcs_server.exe) gcs_actor_manager.cc:1063: Graceful shutdown timeout (30000ms) exceeded. Falling back to force kill. actor_id=e8e01d182b0c5f9a02bc05b701000000 worker_id=a7ab4019748a431f06ed8bb866aa560ae4abb195d632ea83df4447d5
[2026-06-04 09:03:42,101 I 16588 17192] (gcs_server.exe) gcs_actor_manager.cc:991: Destroying actor, force_kill=1, timeout_ms=-1 job_id=01000000 actor_id=88ba6aa39972ee2ffd1baf5801000000
[2026-06-04 09:03:42,101 I 16588 17192] (gcs_server.exe) gcs_job_manager.cc:157: Marking job as finished. job_id=01000000
[2026-06-04 09:03:42,160 I 16588 17192] (gcs_server.exe) gcs_actor_manager.cc:1869: Node with actor is already dead, return status: Invalid: KillActor RPC failed for actor 88ba6aa39972ee2ffd1baf5801000000: RpcError: RPC error: Connection reset rpc_code: 14 actor_id=88ba6aa39972ee2ffd1baf5801000000 node_id=985a1f7160b70d766eb411900bed5d45316c04a8d0a3dd98866f9a45
[2026-06-04 09:03:42,207 I 16588 17192] (gcs_server.exe) gcs_actor_manager.cc:962: Worker 01000000ffffffffffffffffffffffffffffffffffffffffffffffff failed, destroying actor child, job id = 01000000
[2026-06-04 09:03:42,290 I 16588 11600] (gcs_server.exe) gcs_node_manager.cc:175: HandleUnregisterNode() for node node_id=985a1f7160b70d766eb411900bed5d45316c04a8d0a3dd98866f9a45 grpc_peer=ipv4:127.0.0.1:25093
[2026-06-04 09:03:42,290 I 16588 11600] (gcs_server.exe) gcs_node_manager.cc:641: , death reason = EXPECTED_TERMINATION, death message = received SIGTERM node_id=985a1f7160b70d766eb411900bed5d45316c04a8d0a3dd98866f9a45 node_name=127.0.0.1
[2026-06-04 09:03:42,290 I 16588 17192] (gcs_server.exe) gcs_placement_group_manager.cc:685: Node is dead, rescheduling the placement groups on the dead node. node_id=985a1f7160b70d766eb411900bed5d45316c04a8d0a3dd98866f9a45
[2026-06-04 09:03:42,290 I 16588 17192] (gcs_server.exe) gcs_job_manager.cc:489: Node is dead, marking all jobs with drivers on this node as finished. node_id=985a1f7160b70d766eb411900bed5d45316c04a8d0a3dd98866f9a45
[2026-06-04 09:03:42,428 I 16588 20232] (gcs_server.exe) ray_syncer_bidi_reactor_base.h:243: Failed to read a message from node: 985a1f7160b70d766eb411900bed5d45316c04a8d0a3dd98866f9a45
[2026-06-04 09:03:42,428 I 16588 20232] (gcs_server.exe) ray_syncer.cc:253: Connection is broken. node_id=985a1f7160b70d766eb411900bed5d45316c04a8d0a3dd98866f9a45
[2026-06-04 09:03:42,435 I 16588 17192] (gcs_server.exe) gcs_server_main.cc:241: GCS server received SIGTERM, shutting down...
[2026-06-04 09:03:42,435 I 16588 17192] (gcs_server.exe) gcs_server.cc:326: Stopping GCS server.
[2026-06-04 09:03:42,435 I 16588 17192] (gcs_server.exe) ray_event_recorder.cc:66: Stopping RayEventRecorder and flushing remaining events.
[2026-06-04 09:03:42,543 I 16588 17192] (gcs_server.exe) gcs_server.cc:345: GCS server stopped.
[2026-06-04 09:03:42,543 I 16588 17192] (gcs_server.exe) stats.h:164: Stats module has shutdown.
