host=gnode09 job=40412 partition=gpu_AMD
CUDA_VISIBLE_DEVICES=0
Sat Jun 13 19:16:11 2026       
+-----------------------------------------------------------------------------------------+
| NVIDIA-SMI 575.57.08              Driver Version: 575.57.08      CUDA Version: 12.9     |
|-----------------------------------------+------------------------+----------------------+
| GPU  Name                 Persistence-M | Bus-Id          Disp.A | Volatile Uncorr. ECC |
| Fan  Temp   Perf          Pwr:Usage/Cap |           Memory-Usage | GPU-Util  Compute M. |
|                                         |                        |               MIG M. |
|=========================================+========================+======================|
|   0  NVIDIA H200 NVL                On  |   00000001:C5:00.0 Off |                    0 |
| N/A   48C    P0             99W /  450W |     909MiB / 143771MiB |      1%      Default |
|                                         |                        |             Disabled |
+-----------------------------------------+------------------------+----------------------+
                                                                                         
+-----------------------------------------------------------------------------------------+
| Processes:                                                                              |
|  GPU   GI   CI              PID   Type   Process name                        GPU Memory |
|        ID   ID                                                               Usage      |
|=========================================================================================|
|    0   N/A  N/A          158247      C   /opt/conda/bin/python                   900MiB |
+-----------------------------------------------------------------------------------------+
PyTorch 2.5.1+cu121
CUDA available: True
CUDA version: 12.1
Device count: 1
  GPU 0: NVIDIA H200 NVL
    Compute capability: 9.0
  2k×2k matmul: 9.3 ms avg
Done.
