host=gnode05 job=40410 partition=gpuISIN
CUDA_VISIBLE_DEVICES=0
Sat Jun 13 19:16:11 2026       
+-----------------------------------------------------------------------------------------+
| NVIDIA-SMI 575.57.08              Driver Version: 575.57.08      CUDA Version: 12.9     |
|-----------------------------------------+------------------------+----------------------+
| GPU  Name                 Persistence-M | Bus-Id          Disp.A | Volatile Uncorr. ECC |
| Fan  Temp   Perf          Pwr:Usage/Cap |           Memory-Usage | GPU-Util  Compute M. |
|                                         |                        |               MIG M. |
|=========================================+========================+======================|
|   0  NVIDIA A30                     On  |   00000000:3B:00.0 Off |                    0 |
| N/A   30C    P0             31W /  165W |     391MiB /  24576MiB |      1%      Default |
|                                         |                        |             Disabled |
+-----------------------------------------+------------------------+----------------------+
                                                                                         
+-----------------------------------------------------------------------------------------+
| Processes:                                                                              |
|  GPU   GI   CI              PID   Type   Process name                        GPU Memory |
|        ID   ID                                                               Usage      |
|=========================================================================================|
|    0   N/A  N/A         2077121      C   /opt/conda/bin/python                   382MiB |
+-----------------------------------------------------------------------------------------+
PyTorch 2.5.1+cu121
CUDA available: True
CUDA version: 12.1
Device count: 1
  GPU 0: NVIDIA A30
    Compute capability: 8.0
  2k×2k matmul: 7.9 ms avg
Done.
